npx : FAIL src/modules/payout/payout.s
ervice.spec.ts (12.478 s)
At line:1 char:1
+ npx jest src/modules/payout/payout.s
ervice.spec.ts --no-cache > test_ ...
+ ~~~~~~~~~~~~~~~~~~~~~~~~~~~~~~~~~~~~
~~~~~~~~~~~~~~~~~~~~~~~~~~~~~~~~~
    + CategoryInfo          : NotSpec 
   ified: (FAIL src/module...c.ts (1  
  2.478 s):String) [], RemoteExcept   
 ion
    + FullyQualifiedErrorId : NativeC 
   ommandError
 
  PayoutService
    executePayout
      ├ù should execute payout 
successfully for ADMIN (33 ms)
      ├ù should execute payout 
successfully for COLLECTOR (8 ms)
      ΓêÜ should throw 
ForbiddenException for MEMBER (18 ms)
      ΓêÜ should throw 
ConflictException if Equb is not 
ACTIVE (7 ms)
      ΓêÜ should throw 
BadRequestException if contributions 
incomplete (9 ms)
      ΓêÜ should throw 
ConflictException if payout already 
exists for round (7 ms)
      ΓêÜ should throw 
ConflictException if no eligible 
members found (7 ms)
      ├ù should mark Equb as 
COMPLETED if final round (5 ms)
    getPayouts
      ΓêÜ should return all payouts 
for ADMIN (8 ms)
      ΓêÜ should return only own 
payouts for MEMBER (11 ms)

  ΓùÅ PayoutService ΓÇ║ executePayout 
ΓÇ║ should execute payout 
successfully for ADMIN

    TypeError: Cannot read properties 
of undefined (reading 'map')

    [0m [90m 110 |[39m             
        select[33m:[39m { 
recipientUserId[33m:[39m 
[36mtrue[39m }[33m,[39m
     [90m 111 |[39m                 
})[33m;[39m
    [31m[1m>[22m[39m[90m 112 
|[39m                 
[36mconst[39m recipientIds 
[33m=[39m [36mnew[39m [33mSet[39
m(previousRecipients[33m.[39mmap(p 
[33m=>[39m p[33m.[39mrecipientUser
Id))[33m;[39m
     [90m     |[39m                 
                                      
          [31m[1m^[22m[39m
     [90m 113 |[39m
     [90m 114 |[39m                 
[36mconst[39m eligibleMembers 
[33m=[39m equb[33m.[39mmemberships
     [90m 115 |[39m                 
    [33m.[39mfilter(m [33m=>[39m 
[33m![39mrecipientIds[33m.[39mhas(m
[33m.[39muserId))[0m

      at 
prisma.$transaction.isolationLevel (mo
dules/payout/payout.service.ts:112:65)
      at PayoutService.executePayout (
modules/payout/payout.service.ts:41:20
)
      at Object.<anonymous> (modules/p
ayout/payout.service.spec.ts:123:28)

  ΓùÅ PayoutService ΓÇ║ executePayout 
ΓÇ║ should execute payout 
successfully for COLLECTOR

    TypeError: Cannot read properties 
of undefined (reading 'map')

    [0m [90m 110 |[39m             
        select[33m:[39m { 
recipientUserId[33m:[39m 
[36mtrue[39m }[33m,[39m
     [90m 111 |[39m                 
})[33m;[39m
    [31m[1m>[22m[39m[90m 112 
|[39m                 
[36mconst[39m recipientIds 
[33m=[39m [36mnew[39m [33mSet[39
m(previousRecipients[33m.[39mmap(p 
[33m=>[39m p[33m.[39mrecipientUser
Id))[33m;[39m
     [90m     |[39m                 
                                      
          [31m[1m^[22m[39m
     [90m 113 |[39m
     [90m 114 |[39m                 
[36mconst[39m eligibleMembers 
[33m=[39m equb[33m.[39mmemberships
     [90m 115 |[39m                 
    [33m.[39mfilter(m [33m=>[39m 
[33m![39mrecipientIds[33m.[39mhas(m
[33m.[39muserId))[0m

      at 
prisma.$transaction.isolationLevel (mo
dules/payout/payout.service.ts:112:65)
      at PayoutService.executePayout (
modules/payout/payout.service.ts:41:20
)
      at Object.<anonymous> (modules/p
ayout/payout.service.spec.ts:148:13)

  ΓùÅ PayoutService ΓÇ║ executePayout 
ΓÇ║ should mark Equb as COMPLETED if 
final round

    TypeError: Cannot read properties 
of undefined (reading 'map')

    [0m [90m 110 |[39m             
        select[33m:[39m { 
recipientUserId[33m:[39m 
[36mtrue[39m }[33m,[39m
     [90m 111 |[39m                 
})[33m;[39m
    [31m[1m>[22m[39m[90m 112 
|[39m                 
[36mconst[39m recipientIds 
[33m=[39m [36mnew[39m [33mSet[39
m(previousRecipients[33m.[39mmap(p 
[33m=>[39m p[33m.[39mrecipientUser
Id))[33m;[39m
     [90m     |[39m                 
                                      
          [31m[1m^[22m[39m
     [90m 113 |[39m
     [90m 114 |[39m                 
[36mconst[39m eligibleMembers 
[33m=[39m equb[33m.[39mmemberships
     [90m 115 |[39m                 
    [33m.[39mfilter(m [33m=>[39m 
[33m![39mrecipientIds[33m.[39mhas(m
[33m.[39muserId))[0m

      at 
prisma.$transaction.isolationLevel (mo
dules/payout/payout.service.ts:112:65)
      at PayoutService.executePayout (
modules/payout/payout.service.ts:41:20
)
      at Object.<anonymous> (modules/p
ayout/payout.service.spec.ts:208:13)

Test Suites: 1 failed, 1 total
Tests:       3 failed, 7 passed, 10 
total
Snapshots:   0 total
Time:        13.081 s
Ran all test suites matching /src\\mod
ules\\payout\\payout.service.spec.ts/i
.
